
> steffens-showcase@0.1.0 typecheck
> tsc --noEmit

src/app/auth.config.ts(2,15): error TS2614: Module '"next-auth"' has no exported member 'NextAuthConfig'. Did you mean to use 'import NextAuthConfig from "next-auth"' instead?
src/app/events/page.tsx(6,270): error TS2353: Object literal may only specify known properties, and 'imageUrl' does not exist in type 'EventInfo'.
src/app/events/page.tsx(7,264): error TS2353: Object literal may only specify known properties, and 'imageUrl' does not exist in type 'EventInfo'.
src/app/events/page.tsx(8,246): error TS2353: Object literal may only specify known properties, and 'imageUrl' does not exist in type 'EventInfo'.
src/app/events/page.tsx(9,233): error TS2353: Object literal may only specify known properties, and 'imageUrl' does not exist in type 'EventInfo'.
src/app/login/action.tsx(6,45): error TS2306: File 'O:/steffens-showcase/src/app/login/loginSchema.ts' is not a module.
src/components/events/EventCard.tsx(13,14): error TS2339: Property 'imageUrl' does not exist on type 'EventInfo'.
src/components/events/EventCard.tsx(17,26): error TS2339: Property 'imageUrl' does not exist on type 'EventInfo'.
src/components/events/EventCard.tsx(21,35): error TS2339: Property 'dataAiHint' does not exist on type 'EventInfo'.
src/lib/stripe.ts(4,3): error TS2322: Type '"2024-12-18"' is not assignable to type '"2025-11-17.clover"'.
